// Jest Snapshot v1, https://goo.gl/fbAQLP

exports[`<App /> renders correctly 1`] = `
<View
  accessibilityRole="button"
  cursor="pointer"
  focusable={true}
  style={
    {
      "alignItems": "center",
      "backgroundColor": "#202939",
      "borderBottomColor": "#4B5565",
      "borderBottomLeftRadius": 24,
      "borderBottomRightRadius": 24,
      "borderBottomWidth": 1,
      "borderLeftColor": "#4B5565",
      "borderLeftWidth": 1,
      "borderRightColor": "#4B5565",
      "borderRightWidth": 1,
      "borderStyle": "solid",
      "borderTopColor": "#4B5565",
      "borderTopLeftRadius": 24,
      "borderTopRightRadius": 24,
      "borderTopWidth": 1,
      "flexDirection": "row",
      "flexWrap": "nowrap",
      "height": 44,
      "justifyContent": "center",
      "paddingLeft": 18,
      "paddingRight": 18,
    }
  }
>
  <Text
    cursor="pointer"
    fontFamily="InterBold"
    lineBreakMode="clip"
    numberOfLines={1}
    style={
      {
        "color": "#fff",
        "flexGrow": 0,
        "flexShrink": 1,
        "fontFamily": "InterBold",
        "fontSize": 14,
        "fontWeight": "400",
        "letterSpacing": 0,
        "lineHeight": 23,
      }
    }
    suppressHighlighting={true}
    userSelect="none"
  >
    Test
  </Text>
</View>
`;
