// Jest Snapshot v1, https://goo.gl/fbAQLP

exports[`<App /> renders correctly 1`] = `
[
  <View
    accessibilityState={
      {
        "expanded": false,
      }
    }
    cursor="pointer"
    focusable={true}
    style={
      {
        "alignItems": "center",
        "backgroundColor": "rgba(255,255,255,0)",
        "borderBottomColor": "#4B5565",
        "borderBottomLeftRadius": 25,
        "borderBottomRightRadius": 25,
        "borderBottomWidth": 1,
        "borderLeftColor": "#4B5565",
        "borderLeftWidth": 1,
        "borderRightColor": "#4B5565",
        "borderRightWidth": 1,
        "borderStyle": "solid",
        "borderTopColor": "#4B5565",
        "borderTopLeftRadius": 25,
        "borderTopRightRadius": 25,
        "borderTopWidth": 1,
        "flexDirection": "row",
        "flexWrap": "nowrap",
        "justifyContent": "space-between",
        "maxWidth": "100%",
        "minHeight": 44,
        "overflow": "hidden",
        "paddingBottom": 10,
        "paddingLeft": 18,
        "paddingRight": 18,
        "paddingTop": 10,
        "width": 131,
      }
    }
  >
    <Text
      fontFamily="$body"
      lineBreakMode="clip"
      numberOfLines={1}
      pointerEvents="none"
      selectable={false}
      style={
        {
          "color": "#fff",
          "fontFamily": "Inter",
          "fontSize": 14,
          "letterSpacing": 0,
          "lineHeight": 23,
        }
      }
      suppressHighlighting={true}
    >
      Todos
    </Text>
    <View
      pointerEvents="none"
      style={
        {
          "height": 14,
          "minHeight": 14,
          "minWidth": 14,
          "width": 14,
        }
      }
    />
    <SvgMock
      size={14}
    />
  </View>,
  <View
    pointerEvents="box-none"
    style={
      {
        "bottom": 0,
        "flexDirection": "column",
        "left": 0,
        "maxWidth": "100%",
        "position": "absolute",
        "right": 0,
        "top": 0,
        "zIndex": 100001,
      }
    }
  >
    <View
      collapsable={false}
      disableClassName={true}
      onLayout={[Function]}
      pointerEvents="none"
      style={
        {
          "height": "80%",
          "minHeight": "80%",
          "opacity": 0,
          "position": "absolute",
          "transform": [
            {
              "translateY": 10000.1,
            },
          ],
          "width": "100%",
          "zIndex": 100001,
        }
      }
    >
      <View
        style={
          {
            "backgroundColor": "#151515",
            "borderTopLeftRadius": 9,
            "borderTopRightRadius": 9,
            "flex": 1,
            "flexDirection": "column",
            "height": 0,
            "maxHeight": "100%",
            "overflow": "hidden",
            "width": "100%",
          }
        }
      >
        <RCTScrollView
          onMoveShouldSetResponder={[Function]}
          onResponderRelease={[Function]}
          onScroll={[Function]}
          onStartShouldSetResponder={[Function]}
          scrollEnabled={true}
          scrollEventThrottle={8}
          style={
            {
              "flex": 1,
            }
          }
        >
          <View>
            <View
              accessibilityLabelledBy=":r3:"
              accessibilityRole="none"
              style={
                {
                  "flexDirection": "column",
                  "width": "100%",
                }
              }
            >
              <View
                accessibilityLabelledBy=":r4:"
                accessibilityState={
                  {
                    "disabled": undefined,
                    "selected": true,
                  }
                }
                cursor="pointer"
                style={
                  {
                    "alignItems": "center",
                    "backgroundColor": "#151515",
                    "borderBottomColor": "#282828",
                    "borderLeftColor": "#282828",
                    "borderRightColor": "#282828",
                    "borderTopColor": "#282828",
                    "flexDirection": "row",
                    "flexWrap": "nowrap",
                    "justifyContent": "space-between",
                    "maxWidth": "100%",
                    "minHeight": 44,
                    "overflow": "hidden",
                    "paddingBottom": 10,
                    "paddingLeft": 18,
                    "paddingRight": 18,
                    "paddingTop": 10,
                    "width": "100%",
                  }
                }
                tabIndex={-1}
              >
                <Text
                  fontFamily="$body"
                  id=":r4:"
                  lineBreakMode="clip"
                  numberOfLines={1}
                  style={
                    {
                      "color": "#fff",
                      "fontFamily": "Inter",
                      "fontSize": 14,
                      "letterSpacing": 0,
                      "lineHeight": 23,
                    }
                  }
                  suppressHighlighting={true}
                  userSelect="none"
                >
                  Todos
                </Text>
              </View>
            </View>
          </View>
        </RCTScrollView>
      </View>
      <View
        style={
          {
            "backgroundColor": "#151515",
            "borderBottomLeftRadius": 0,
            "borderBottomRightRadius": 0,
            "borderBottomWidth": 0,
            "borderLeftWidth": 0,
            "borderRightWidth": 0,
            "borderStyle": "solid",
            "borderTopLeftRadius": 0,
            "borderTopRightRadius": 0,
            "borderTopWidth": 0,
            "bottom": "-50%",
            "flex": 1,
            "flexDirection": "column",
            "height": 0,
            "left": 0,
            "maxHeight": "100%",
            "overflow": "hidden",
            "position": "absolute",
            "right": 0,
            "shadowOpacity": 0,
            "width": "100%",
            "zIndex": -1,
          }
        }
      />
    </View>
  </View>,
]
`;
